ssadasda1
asdasd1
sfdasd
